2026/05/10 23:13:58.470333 name=Messiah cwal_gg_id=saikohero endpoint=player-update status=ok code=202
2026/05/10 23:13:58.473827 name=酷酷 cwal_gg_id=kukuboy1 endpoint=player-update status=ok code=202
2026/05/10 23:13:58.474675 name=过谦 cwal_gg_id=Naiqoug_FnuS endpoint=player-update status=ok code=202
2026/05/10 23:13:58.474678 name=天王 cwal_gg_id=lliillii1111l endpoint=player-update status=ok code=202
2026/05/10 23:13:58.495236 name=Fengzi cwal_gg_id=scgotoboy endpoint=player-update status=ok code=202
2026/05/10 23:13:58.495295 name=AP cwal_gg_id=TIMING3M endpoint=player-update status=ok code=202
2026/05/10 23:13:58.495322 name=毕业生 cwal_gg_id=needbigass endpoint=player-update status=ok code=202
2026/05/10 23:13:58.495338 name=小新 cwal_gg_id=unkown endpoint=player-update status=ok code=202
2026/05/10 23:13:58.495363 name=xz cwal_gg_id=lIlIlIIIllII112 endpoint=player-update status=ok code=202
2026/05/10 23:13:58.495412 name=影子鱼 cwal_gg_id=kele+bing endpoint=player-update status=ok code=202
2026/05/10 23:13:58.495417 name=轩轩 cwal_gg_id=lIIIlIlIIIll endpoint=player-update status=ok code=202
2026/05/10 23:13:58.502618 name=东海 cwal_gg_id=wwwwwwww endpoint=player-update status=ok code=202
2026/05/10 23:13:58.502678 name=小帅 cwal_gg_id=32323GDFDGDF344 endpoint=player-update status=ok code=202
2026/05/10 23:13:58.502619 name=KId cwal_gg_id=IILLIILioII endpoint=player-update status=ok code=202
2026/05/10 23:13:58.502712 name=小马 cwal_gg_id=C9_flash!!!!!!!! endpoint=player-update status=ok code=202
2026/05/10 23:13:58.502649 name=迷糊 cwal_gg_id=IllIIIIIIlIlIlI endpoint=player-update status=ok code=202
2026/05/10 23:13:58.502790 name=胡阿牛 cwal_gg_id=CCZ_MagouTerran endpoint=player-update status=ok code=202
2026/05/10 23:14:01.400964 name=xz cwal_gg_id=lIlIlIIIllII112 stage=query_profile status=ok rating=2090 elapsed_ms=4021 attempts=1
2026/05/10 23:14:01.423629 name=毕业生 cwal_gg_id=needbigass stage=query_profile status=ok rating=2144 elapsed_ms=4044 attempts=1
2026/05/10 23:14:01.423723 name=迷糊 cwal_gg_id=IllIIIIIIlIlIlI stage=query_profile status=ok rating=2349 elapsed_ms=4044 attempts=1
2026/05/10 23:14:01.429652 name=胡阿牛 cwal_gg_id=CCZ_MagouTerran stage=query_profile status=ok rating=1404 elapsed_ms=4050 attempts=1
2026/05/10 23:14:01.533079 name=AP cwal_gg_id=TIMING3M stage=query_profile status=ok rating=2339 elapsed_ms=4153 attempts=1
2026/05/10 23:14:01.555074 name=KId cwal_gg_id=IILLIILioII stage=query_profile status=ok rating=2191 elapsed_ms=4175 attempts=1
2026/05/10 23:14:01.606897 name=轩轩 cwal_gg_id=lIIIlIlIIIll stage=query_profile status=ok rating=2197 elapsed_ms=4227 attempts=1
2026/05/10 23:14:01.611940 name=Fengzi cwal_gg_id=scgotoboy stage=query_profile status=ok rating=2338 elapsed_ms=4232 attempts=1
2026/05/10 23:14:01.630260 name=酷酷 cwal_gg_id=kukuboy1 stage=query_profile status=ok rating=2192 elapsed_ms=4251 attempts=1
2026/05/10 23:14:04.396630 name=过谦 cwal_gg_id=Naiqoug_FnuS stage=query_profile status=retry attempt=4 elapsed_ms=7017 err=invalid JSON: []
2026/05/10 23:14:04.399362 name=Messiah cwal_gg_id=saikohero stage=query_profile status=retry attempt=4 elapsed_ms=7020 err=invalid JSON: []
2026/05/10 23:14:04.403402 name=小帅 cwal_gg_id=32323GDFDGDF344 stage=query_profile status=retry attempt=4 elapsed_ms=7024 err=invalid JSON: []
2026/05/10 23:14:04.406095 name=小马 cwal_gg_id=C9_flash!!!!!!!! stage=query_profile status=retry attempt=4 elapsed_ms=7026 err=invalid JSON: []
2026/05/10 23:14:04.415197 name=东海 cwal_gg_id=wwwwwwww stage=query_profile status=retry attempt=4 elapsed_ms=7035 err=invalid JSON: []
2026/05/10 23:14:04.533132 name=小新 cwal_gg_id=unkown stage=query_profile status=retry attempt=4 elapsed_ms=7154 err=invalid JSON: []
2026/05/10 23:14:04.534380 name=天王 cwal_gg_id=lliillii1111l stage=query_profile status=retry attempt=4 elapsed_ms=7154 err=invalid JSON: []
2026/05/10 23:14:04.610707 name=影子鱼 cwal_gg_id=kele+bing stage=query_profile status=retry attempt=4 elapsed_ms=7231 err=invalid JSON: []
2026/05/10 23:14:05.897012 name=影子鱼 cwal_gg_id=kele+bing endpoint=player-update status=ok code=202
2026/05/10 23:14:05.908061 name=轩轩 cwal_gg_id=lIIIlIlIIIll endpoint=player-update status=ok code=202
2026/05/10 23:14:05.910388 name=小帅 cwal_gg_id=32323GDFDGDF344 endpoint=player-update status=ok code=202
2026/05/10 23:14:05.913381 name=过谦 cwal_gg_id=Naiqoug_FnuS endpoint=player-update status=ok code=202
2026/05/10 23:14:05.914545 name=Messiah cwal_gg_id=saikohero endpoint=player-update status=ok code=202
2026/05/10 23:14:05.914582 name=xz cwal_gg_id=lIlIlIIIllII112 endpoint=player-update status=ok code=202
2026/05/10 23:14:05.918434 name=小新 cwal_gg_id=unkown endpoint=player-update status=ok code=202
2026/05/10 23:14:05.920452 name=Fengzi cwal_gg_id=scgotoboy endpoint=player-update status=ok code=202
2026/05/10 23:14:05.922519 name=AP cwal_gg_id=TIMING3M endpoint=player-update status=ok code=202
2026/05/10 23:14:05.924252 name=东海 cwal_gg_id=wwwwwwww endpoint=player-update status=ok code=202
2026/05/10 23:14:05.929503 name=胡阿牛 cwal_gg_id=CCZ_MagouTerran endpoint=player-update status=ok code=202
2026/05/10 23:14:05.929565 name=酷酷 cwal_gg_id=kukuboy1 endpoint=player-update status=ok code=202
2026/05/10 23:14:05.957181 name=天王 cwal_gg_id=lliillii1111l endpoint=player-update status=ok code=202
2026/05/10 23:14:05.957283 name=毕业生 cwal_gg_id=needbigass endpoint=player-update status=ok code=202
2026/05/10 23:14:05.957306 name=小马 cwal_gg_id=C9_flash!!!!!!!! endpoint=player-update status=ok code=202
2026/05/10 23:14:05.963981 name=迷糊 cwal_gg_id=IllIIIIIIlIlIlI endpoint=player-update status=ok code=202
2026/05/10 23:14:06.049473 name=KId cwal_gg_id=IILLIILioII endpoint=player-update status=ok code=202
2026/05/10 23:14:07.391505 name=轩轩 cwal_gg_id=lIIIlIlIIIll stage=query_profile status=ok rating=2197 elapsed_ms=1779 attempts=1
2026/05/10 23:14:07.406559 name=xz cwal_gg_id=lIlIlIIIllII112 stage=query_profile status=ok rating=2090 elapsed_ms=1794 attempts=1
2026/05/10 23:14:07.417454 name=AP cwal_gg_id=TIMING3M stage=query_profile status=ok rating=2339 elapsed_ms=1805 attempts=1
2026/05/10 23:14:07.424495 name=Fengzi cwal_gg_id=scgotoboy stage=query_profile status=ok rating=2338 elapsed_ms=1812 attempts=1
2026/05/10 23:14:07.601235 name=胡阿牛 cwal_gg_id=CCZ_MagouTerran stage=query_profile status=ok rating=1404 elapsed_ms=1989 attempts=1
2026/05/10 23:14:07.603355 name=毕业生 cwal_gg_id=needbigass stage=query_profile status=ok rating=2144 elapsed_ms=1991 attempts=1
2026/05/10 23:14:07.608101 name=酷酷 cwal_gg_id=kukuboy1 stage=query_profile status=ok rating=2192 elapsed_ms=1996 attempts=1
2026/05/10 23:14:07.608355 name=迷糊 cwal_gg_id=IllIIIIIIlIlIlI stage=query_profile status=ok rating=2349 elapsed_ms=1996 attempts=1
2026/05/10 23:14:07.613794 name=KId cwal_gg_id=IILLIILioII stage=query_profile status=ok rating=2191 elapsed_ms=2001 attempts=1
2026/05/10 23:14:10.352637 name=影子鱼 cwal_gg_id=kele+bing stage=query_profile status=retry attempt=4 elapsed_ms=4740 err=invalid JSON: []
2026/05/10 23:14:10.361262 name=过谦 cwal_gg_id=Naiqoug_FnuS stage=query_profile status=retry attempt=4 elapsed_ms=4749 err=invalid JSON: []
2026/05/10 23:14:10.370948 name=小新 cwal_gg_id=unkown stage=query_profile status=retry attempt=4 elapsed_ms=4759 err=invalid JSON: []
2026/05/10 23:14:10.373273 name=东海 cwal_gg_id=wwwwwwww stage=query_profile status=retry attempt=4 elapsed_ms=4761 err=invalid JSON: []
2026/05/10 23:14:10.389561 name=Messiah cwal_gg_id=saikohero stage=query_profile status=retry attempt=4 elapsed_ms=4777 err=invalid JSON: []
2026/05/10 23:14:10.394586 name=小帅 cwal_gg_id=32323GDFDGDF344 stage=query_profile status=retry attempt=4 elapsed_ms=4782 err=invalid JSON: []
2026/05/10 23:14:10.575176 name=天王 cwal_gg_id=lliillii1111l stage=query_profile status=retry attempt=4 elapsed_ms=4963 err=invalid JSON: []
2026/05/10 23:14:10.609787 name=小马 cwal_gg_id=C9_flash!!!!!!!! stage=query_profile status=retry attempt=4 elapsed_ms=4997 err=invalid JSON: []
2026/05/10 23:15:06.918020 name=xz cwal_gg_id=lIlIlIIIllII112 endpoint=player-update status=ok code=202
2026/05/10 23:15:06.918033 name=Messiah cwal_gg_id=saikohero endpoint=player-update status=ok code=202
2026/05/10 23:15:06.919858 name=小帅 cwal_gg_id=32323GDFDGDF344 endpoint=player-update status=ok code=202
2026/05/10 23:15:06.921658 name=小新 cwal_gg_id=unkown endpoint=player-update status=ok code=202
2026/05/10 23:15:06.923719 name=毕业生 cwal_gg_id=needbigass endpoint=player-update status=ok code=202
2026/05/10 23:15:06.925438 name=过谦 cwal_gg_id=Naiqoug_FnuS endpoint=player-update status=ok code=202
2026/05/10 23:15:06.925454 name=小马 cwal_gg_id=C9_flash!!!!!!!! endpoint=player-update status=ok code=202
2026/05/10 23:15:06.929503 name=影子鱼 cwal_gg_id=kele+bing endpoint=player-update status=ok code=202
2026/05/10 23:15:06.929534 name=轩轩 cwal_gg_id=lIIIlIlIIIll endpoint=player-update status=ok code=202
2026/05/10 23:15:06.933367 name=AP cwal_gg_id=TIMING3M endpoint=player-update status=ok code=202
2026/05/10 23:15:06.933382 name=胡阿牛 cwal_gg_id=CCZ_MagouTerran endpoint=player-update status=ok code=202
2026/05/10 23:15:06.937266 name=天王 cwal_gg_id=lliillii1111l endpoint=player-update status=ok code=202
2026/05/10 23:15:06.937317 name=酷酷 cwal_gg_id=kukuboy1 endpoint=player-update status=ok code=202
2026/05/10 23:15:06.937331 name=KId cwal_gg_id=IILLIILioII endpoint=player-update status=ok code=202
2026/05/10 23:15:06.937485 name=Fengzi cwal_gg_id=scgotoboy endpoint=player-update status=ok code=202
2026/05/10 23:15:06.945308 name=东海 cwal_gg_id=wwwwwwww endpoint=player-update status=ok code=202
2026/05/10 23:15:06.990303 name=迷糊 cwal_gg_id=IllIIIIIIlIlIlI endpoint=player-update status=ok code=202
2026/05/10 23:15:08.515729 name=酷酷 cwal_gg_id=kukuboy1 stage=query_profile status=ok rating=2192 elapsed_ms=1904 attempts=1
2026/05/10 23:15:08.527198 name=xz cwal_gg_id=lIlIlIIIllII112 stage=query_profile status=ok rating=2090 elapsed_ms=1916 attempts=1
2026/05/10 23:15:08.531187 name=毕业生 cwal_gg_id=needbigass stage=query_profile status=ok rating=2144 elapsed_ms=1920 attempts=1
2026/05/10 23:15:08.534698 name=Fengzi cwal_gg_id=scgotoboy stage=query_profile status=ok rating=2338 elapsed_ms=1923 attempts=1
2026/05/10 23:15:08.540637 name=轩轩 cwal_gg_id=lIIIlIlIIIll stage=query_profile status=ok rating=2197 elapsed_ms=1929 attempts=1
2026/05/10 23:15:08.540753 name=胡阿牛 cwal_gg_id=CCZ_MagouTerran stage=query_profile status=ok rating=1404 elapsed_ms=1929 attempts=1
2026/05/10 23:15:08.549611 name=KId cwal_gg_id=IILLIILioII stage=query_profile status=ok rating=2191 elapsed_ms=1938 attempts=1
2026/05/10 23:15:08.549735 name=AP cwal_gg_id=TIMING3M stage=query_profile status=ok rating=2339 elapsed_ms=1938 attempts=1
2026/05/10 23:15:08.604348 name=迷糊 cwal_gg_id=IllIIIIIIlIlIlI stage=query_profile status=ok rating=2349 elapsed_ms=1993 attempts=1
2026/05/10 23:15:11.488299 name=小马 cwal_gg_id=C9_flash!!!!!!!! stage=query_profile status=retry attempt=4 elapsed_ms=4877 err=invalid JSON: []
2026/05/10 23:15:11.501109 name=天王 cwal_gg_id=lliillii1111l stage=query_profile status=retry attempt=4 elapsed_ms=4889 err=invalid JSON: []
2026/05/10 23:15:11.508589 name=Messiah cwal_gg_id=saikohero stage=query_profile status=retry attempt=4 elapsed_ms=4897 err=invalid JSON: []
2026/05/10 23:15:11.509614 name=小帅 cwal_gg_id=32323GDFDGDF344 stage=query_profile status=retry attempt=4 elapsed_ms=4898 err=invalid JSON: []
2026/05/10 23:15:11.511180 name=小新 cwal_gg_id=unkown stage=query_profile status=retry attempt=4 elapsed_ms=4900 err=invalid JSON: []
2026/05/10 23:15:11.512313 name=影子鱼 cwal_gg_id=kele+bing stage=query_profile status=retry attempt=4 elapsed_ms=4901 err=invalid JSON: []
2026/05/10 23:15:11.526359 name=东海 cwal_gg_id=wwwwwwww stage=query_profile status=retry attempt=4 elapsed_ms=4915 err=invalid JSON: []
2026/05/10 23:15:11.530611 name=过谦 cwal_gg_id=Naiqoug_FnuS stage=query_profile status=retry attempt=4 elapsed_ms=4919 err=invalid JSON: []
2026/05/10 23:16:06.917860 name=酷酷 cwal_gg_id=kukuboy1 endpoint=player-update status=ok code=202
2026/05/10 23:16:06.918301 name=KId cwal_gg_id=IILLIILioII endpoint=player-update status=ok code=202
2026/05/10 23:16:06.920506 name=毕业生 cwal_gg_id=needbigass endpoint=player-update status=ok code=202
2026/05/10 23:16:06.952974 name=小新 cwal_gg_id=unkown endpoint=player-update status=ok code=202
2026/05/10 23:16:06.973387 name=Fengzi cwal_gg_id=scgotoboy endpoint=player-update status=ok code=202
2026/05/10 23:16:07.124055 name=小马 cwal_gg_id=C9_flash!!!!!!!! endpoint=player-update status=ok code=202
2026/05/10 23:16:07.131762 name=天王 cwal_gg_id=lliillii1111l endpoint=player-update status=ok code=202
2026/05/10 23:16:07.134308 name=Messiah cwal_gg_id=saikohero endpoint=player-update status=ok code=202
2026/05/10 23:16:07.135915 name=小帅 cwal_gg_id=32323GDFDGDF344 endpoint=player-update status=ok code=202
2026/05/10 23:16:07.137256 name=胡阿牛 cwal_gg_id=CCZ_MagouTerran endpoint=player-update status=ok code=202
2026/05/10 23:16:07.139313 name=过谦 cwal_gg_id=Naiqoug_FnuS endpoint=player-update status=ok code=202
2026/05/10 23:16:07.139336 name=AP cwal_gg_id=TIMING3M endpoint=player-update status=ok code=202
2026/05/10 23:16:07.143683 name=影子鱼 cwal_gg_id=kele+bing endpoint=player-update status=ok code=202
2026/05/10 23:16:07.145238 name=轩轩 cwal_gg_id=lIIIlIlIIIll endpoint=player-update status=ok code=202
2026/05/10 23:16:07.147448 name=迷糊 cwal_gg_id=IllIIIIIIlIlIlI endpoint=player-update status=ok code=202
2026/05/10 23:16:07.147485 name=xz cwal_gg_id=lIlIlIIIllII112 endpoint=player-update status=ok code=202
2026/05/10 23:16:07.151342 name=东海 cwal_gg_id=wwwwwwww endpoint=player-update status=ok code=202
2026/05/10 23:16:08.430079 name=酷酷 cwal_gg_id=kukuboy1 stage=query_profile status=ok rating=2192 elapsed_ms=1818 attempts=1
2026/05/10 23:16:08.441251 name=毕业生 cwal_gg_id=needbigass stage=query_profile status=ok rating=2144 elapsed_ms=1829 attempts=1
2026/05/10 23:16:08.445201 name=KId cwal_gg_id=IILLIILioII stage=query_profile status=ok rating=2191 elapsed_ms=1833 attempts=1
2026/05/10 23:16:08.478719 name=Fengzi cwal_gg_id=scgotoboy stage=query_profile status=ok rating=2338 elapsed_ms=1867 attempts=1
2026/05/10 23:16:08.624266 name=胡阿牛 cwal_gg_id=CCZ_MagouTerran stage=query_profile status=ok rating=1404 elapsed_ms=2012 attempts=1
2026/05/10 23:16:08.632578 name=AP cwal_gg_id=TIMING3M stage=query_profile status=ok rating=2339 elapsed_ms=2020 attempts=1
2026/05/10 23:16:08.846044 name=轩轩 cwal_gg_id=lIIIlIlIIIll stage=query_profile status=ok rating=2197 elapsed_ms=2234 attempts=1
2026/05/10 23:16:08.852437 name=迷糊 cwal_gg_id=IllIIIIIIlIlIlI stage=query_profile status=ok rating=2349 elapsed_ms=2240 attempts=1
2026/05/10 23:16:08.852769 name=xz cwal_gg_id=lIlIlIIIllII112 stage=query_profile status=ok rating=2090 elapsed_ms=2240 attempts=1
2026/05/10 23:16:11.454903 name=小新 cwal_gg_id=unkown stage=query_profile status=retry attempt=4 elapsed_ms=4843 err=invalid JSON: []
2026/05/10 23:16:11.603952 name=天王 cwal_gg_id=lliillii1111l stage=query_profile status=retry attempt=4 elapsed_ms=4992 err=invalid JSON: []
2026/05/10 23:16:11.609259 name=小马 cwal_gg_id=C9_flash!!!!!!!! stage=query_profile status=retry attempt=4 elapsed_ms=4997 err=invalid JSON: []
2026/05/10 23:16:11.613449 name=影子鱼 cwal_gg_id=kele+bing stage=query_profile status=retry attempt=4 elapsed_ms=5001 err=invalid JSON: []
2026/05/10 23:16:11.614472 name=过谦 cwal_gg_id=Naiqoug_FnuS stage=query_profile status=retry attempt=4 elapsed_ms=5002 err=invalid JSON: []
2026/05/10 23:16:11.624265 name=Messiah cwal_gg_id=saikohero stage=query_profile status=retry attempt=4 elapsed_ms=5012 err=invalid JSON: []
2026/05/10 23:16:11.631629 name=小帅 cwal_gg_id=32323GDFDGDF344 stage=query_profile status=retry attempt=4 elapsed_ms=5019 err=invalid JSON: []
2026/05/10 23:16:11.818285 name=东海 cwal_gg_id=wwwwwwww stage=query_profile status=retry attempt=4 elapsed_ms=5206 err=invalid JSON: []
